Removed Pin From Net: NetName=3V3 Pin=C3-1
Removed Pin From Net: NetName=NetC3_2 Pin=C3-2
Removed Pin From Net: NetName=3V3 Pin=C4-1
Removed Pin From Net: NetName=GND Pin=C4-2
Removed Pin From Net: NetName=BUCK_IN Pin=C5-1
Removed Pin From Net: NetName=GND Pin=C5-2
Change Component Footprint: Designator=C1 Old Footprint=CAPC1206(3216)190_L New Footprint=WCAP-CSGP_0603_L1.6W0.8H0.8_Reflow
Change Component Footprint: Designator=C2 Old Footprint=CAPC1206(3216)190_L New Footprint=WCAP-CSGP_0603_L1.6W0.8H0.8_Reflow
Change Component Footprint: Designator=C4 Old Footprint=FP-C0805C-DG-MFG New Footprint=WCAP-CSGP_0603_L1.6W0.8H0.8_Reflow
Change Component Footprint: Designator=C3 Old Footprint=FP-GRM033-0_03-IPC_A New Footprint=WCAP-CSGP_0603_L1.6W0.8H0.8_Reflow
Change Component Footprint: Designator=C5 Old Footprint=FP-GRM188-0_1-e0_2_0_55-IPC_A New Footprint=WCAP-CSGP_0603_L1.6W0.8H0.8_Reflow
Change Component Comment : Designator=C3 Old Comment=Cff New Comment=120pF - Cff
Change Component Comment : Designator=C5 Old Comment=Cin New Comment=10µF
Change Component Comment : Designator=C4 Old Comment=Cout New Comment=10µF - Cout
Change Managed Component Library Link : Designator=C1 Old VaultGUID=B7D15EC3-160A-466F-A46C-7801FE6295A7 New VaultGUID=B7D15EC3-160A-466F-A46C-7801FE6295A7 Old ItemGUID=39840FF7-A84B-4700-8AA8-04BFB391AFF4 New ItemGUID=15C13E94-D364-4E7D-B336-28C19B066C05 Old RevisionGUID=812131F8-6101-4EF5-AFB7-28B79CE91DEF New RevisionGUID=8885A7E5-0489-4F8A-B2EA-6B84A3FAB31C
Change Managed Component Library Link : Designator=C2 Old VaultGUID=B7D15EC3-160A-466F-A46C-7801FE6295A7 New VaultGUID=B7D15EC3-160A-466F-A46C-7801FE6295A7 Old ItemGUID=39840FF7-A84B-4700-8AA8-04BFB391AFF4 New ItemGUID=15C13E94-D364-4E7D-B336-28C19B066C05 Old RevisionGUID=812131F8-6101-4EF5-AFB7-28B79CE91DEF New RevisionGUID=8885A7E5-0489-4F8A-B2EA-6B84A3FAB31C
Change Managed Component Library Link : Designator=C3 Old VaultGUID=B7D15EC3-160A-466F-A46C-7801FE6295A7 New VaultGUID=B7D15EC3-160A-466F-A46C-7801FE6295A7 Old ItemGUID=29FBA2DF-075E-40F9-961C-A6CA75064689 New ItemGUID=15C13E94-D364-4E7D-B336-28C19B066C05 Old RevisionGUID=E5301B36-3BAE-44E9-9DAA-CFE47662B094 New RevisionGUID=8885A7E5-0489-4F8A-B2EA-6B84A3FAB31C
Change Managed Component Library Link : Designator=C4 Old VaultGUID=B7D15EC3-160A-466F-A46C-7801FE6295A7 New VaultGUID=B7D15EC3-160A-466F-A46C-7801FE6295A7 Old ItemGUID=BB83B2C5-EEB1-46AB-824F-06572DF18BD6 New ItemGUID=15C13E94-D364-4E7D-B336-28C19B066C05 Old RevisionGUID=316FD8F7-2D16-4229-A14B-F33EB7DCDC66 New RevisionGUID=8885A7E5-0489-4F8A-B2EA-6B84A3FAB31C
Change Managed Component Library Link : Designator=C5 Old VaultGUID=B7D15EC3-160A-466F-A46C-7801FE6295A7 New VaultGUID=B7D15EC3-160A-466F-A46C-7801FE6295A7 Old ItemGUID=3F1FDB09-9931-43B7-B80F-88673FF926CD New ItemGUID=15C13E94-D364-4E7D-B336-28C19B066C05 Old RevisionGUID=937773BC-2271-489F-837A-E58975DBF117 New RevisionGUID=8885A7E5-0489-4F8A-B2EA-6B84A3FAB31C
Change component parameters: Designator = "C1" ("C1"); Footprint = "CAPC1206(3216)190_L"; UniqueID = "\PAHTQIBF" ("\PAHTQIBF")
Change component parameters: Designator = "C2" ("C2"); Footprint = "CAPC1206(3216)190_L"; UniqueID = "\QHOTLMWA" ("\QHOTLMWA")
Change component parameters: Designator = "C3" ("C3"); Footprint = "FP-GRM033-0_03-IPC_A"; UniqueID = "\XURFSKFT" ("\XURFSKFT")
Change component parameters: Designator = "C4" ("C4"); Footprint = "FP-C0805C-DG-MFG"; UniqueID = "\HGKPISUZ" ("\HGKPISUZ")
Change component parameters: Designator = "C5" ("C5"); Footprint = "FP-GRM188-0_1-e0_2_0_55-IPC_A"; UniqueID = "\CEUGIVXV" ("\CEUGIVXV")
Add Pin To Net: Unknown Pin: Pin B1-0
Add Pin To Net: Unknown Pin: Pin B1-1
Added Pin To Net: NetName=NetC3_2 Pin=C3-1
Added Pin To Net: NetName=3V3 Pin=C3-2
Added Pin To Net: NetName=GND Pin=C4-1
Added Pin To Net: NetName=3V3 Pin=C4-2
Added Pin To Net: NetName=GND Pin=C5-1
Added Pin To Net: NetName=BUCK_IN Pin=C5-2
Change Net Name : Old Net Name=NetC3_2 New Net Name=NetC3_1
Change Net Color : Old Net Color=RGB(0, 163, 110) New Net Color=Default
Add Class Member: Failed to add class member : Component B1 LiPo
